// Jest Snapshot v1, https://goo.gl/fbAQLP

exports[`Concept should render concept page successfully 1`] = `
<body>
  <div>
    <div
      class="sc-dnqmqq hWSScB"
    >
      <button
        class="MuiButtonBase-root MuiButton-root WithStyles(ForwardRef(Button))-root-1 MuiButton-outlined"
        tabindex="0"
        type="button"
      >
        <span
          class="MuiButton-label"
        >
          <div
            class="sc-bxivhb fGSPuW"
          >
            <svg
              aria-hidden="true"
              class="svg-inline--fa fa-caret-left fa-w-6 "
              data-icon="caret-left"
              data-prefix="fas"
              focusable="false"
              role="img"
              viewBox="0 0 192 512"
              xmlns="http://www.w3.org/2000/svg"
            >
              <path
                d="M192 127.338v257.324c0 17.818-21.543 26.741-34.142 14.142L29.196 270.142c-7.81-7.81-7.81-20.474 0-28.284l128.662-128.662c12.599-12.6 34.142-3.676 34.142 14.142z"
                fill="currentColor"
              />
            </svg>
          </div>
          BACK
        </span>
        <span
          class="MuiTouchRipple-root"
        />
      </button>
      <div
        class="sc-iwsKbI bSZgEP"
      >
        <h2
          class="sc-bdVaJa fWJwsq"
          data-testid="breadcrumb"
        >
          <b>
            Category: 
          </b>
          <span>
            <i
              class="sc-bwzfXH hCGXCx"
            >
              clinical
            </i>
            <i
              class="sc-htpNat diwqqW"
            />
          </span>
          <span>
            <i
              class="sc-bwzfXH hCGXCx"
            >
              ICD10
            </i>
          </span>
        </h2>
      </div>
      <div
        class="sc-ifAKCX dKvaeV"
      >
        <div
          class="MuiGrid-root MuiGrid-container MuiGrid-spacing-xs-4"
        >
          <div
            class="MuiGrid-root MuiGrid-item MuiGrid-grid-xs-12 MuiGrid-grid-sm-12 MuiGrid-grid-md-6 MuiGrid-grid-lg-6"
          >
            <span
              class="sc-EHOje klFhlA"
            >
              title
              : 
            </span>
            <span>
              value
            </span>
          </div>
          <div
            class="MuiGrid-root MuiGrid-item MuiGrid-grid-xs-12 MuiGrid-grid-sm-12 MuiGrid-grid-md-6 MuiGrid-grid-lg-6"
          >
            <span
              class="sc-EHOje klFhlA"
            >
              new title
              : 
            </span>
            <span>
              new value
            </span>
          </div>
        </div>
      </div>
      <div
        class="sc-bZQynM gJHtkA"
      >
        <div
          class="sc-gzVnrw hWokKw"
        >
          Description
        </div>
        <div>
          <div
            class="sc-htoDjs kkNCdj"
          >
            des title
            : 
          </div>
          <p>
            des value
          </p>
        </div>
        <div>
          <div
            class="sc-htoDjs kkNCdj"
          >
            new des title
            : 
          </div>
          <p>
            new des value
          </p>
        </div>
      </div>
    </div>
  </div>
</body>
`;
